[     193ms] [INFO] %cDownload the React DevTools for a better development experience: https://react.dev/link/react-devtools font-weight:bold @ http://localhost:9998/_next/static/chunks/node_modules_next_dist_115brz8._.js:2431
[     211ms] [LOG] [HMR] connected @ http://localhost:9998/_next/static/chunks/node_modules_next_dist_115brz8._.js:2431
[     830ms] [LOG] [prism] /index.tsx loaded @ https://2-19-8-sandpack.codesandbox.io/static/js/vendors~sandbox-startup.ca8a95b40.chunk.js:0
[     830ms] [LOG] [prism] render scheduled, App typeof: function @ https://2-19-8-sandpack.codesandbox.io/static/js/vendors~sandbox-startup.ca8a95b40.chunk.js:0
[     830ms] [LOG] [prism-editor] installed @ https://2-19-8-sandpack.codesandbox.io/static/js/vendors~sandbox-startup.ca8a95b40.chunk.js:0
[   31023ms] [LOG] [Fast Refresh] rebuilding @ http://localhost:9998/_next/static/chunks/node_modules_next_dist_115brz8._.js:2431
[   31076ms] [LOG] [Fast Refresh] done in 154ms @ http://localhost:9998/_next/static/chunks/node_modules_next_dist_115brz8._.js:2431
[   47292ms] [ERROR] Failed to load resource: net::ERR_CONNECTION_TIMED_OUT @ https://col.csbops.io/data/sandpack:0
[  107743ms] [LOG] [Fast Refresh] rebuilding @ http://localhost:9998/_next/static/chunks/node_modules_next_dist_115brz8._.js:2431
[  107770ms] [LOG] [Fast Refresh] done in 98ms @ http://localhost:9998/_next/static/chunks/node_modules_next_dist_115brz8._.js:2431
[  131075ms] [LOG] [Fast Refresh] rebuilding @ http://localhost:9998/_next/static/chunks/node_modules_next_dist_115brz8._.js:2431
[  131176ms] [LOG] [Fast Refresh] done in 177ms @ http://localhost:9998/_next/static/chunks/node_modules_next_dist_115brz8._.js:2431
[  138569ms] [LOG] [Fast Refresh] rebuilding @ http://localhost:9998/_next/static/chunks/node_modules_next_dist_115brz8._.js:2431
[  139173ms] [LOG] [Fast Refresh] done in 298ms @ http://localhost:9998/_next/static/chunks/node_modules_next_dist_115brz8._.js:2431
[  139198ms] [WARNING] %c%s%c [33m[1m⚠[22m[39m metadataBase property in metadata export is not set for resolving social open graph or twitter images, using "http://localhost:9998". See https://nextjs.org/docs/app/api-reference/functions/generate-metadata#metadatabase background: #e6e6e6;background: light-dark(rgba(0,0,0,0.1), rgba(255,255,255,0.25));color: #000000;color: light-dark(#000000, #ffffff);border-radius: 2px  Server   @ http://localhost:9998/_next/static/chunks/node_modules_next_dist_115brz8._.js:2431
[  139489ms] [LOG] [Fast Refresh] rebuilding @ http://localhost:9998/_next/static/chunks/node_modules_next_dist_115brz8._.js:2431
[  139636ms] [LOG] [Fast Refresh] done in 249ms @ http://localhost:9998/_next/static/chunks/node_modules_next_dist_115brz8._.js:2431
[  139771ms] [LOG] [Fast Refresh] rebuilding @ http://localhost:9998/_next/static/chunks/node_modules_next_dist_115brz8._.js:2431
[  139934ms] [LOG] [Fast Refresh] done in 264ms @ http://localhost:9998/_next/static/chunks/node_modules_next_dist_115brz8._.js:2431
[  139969ms] [ERROR] Failed to load resource: the server responded with a status of 500 (Internal Server Error) @ http://localhost:9998/s/0bf537cf-4dc3-41bd-b9f4-702764cab64c:0
[  140040ms] [INFO] %cDownload the React DevTools for a better development experience: https://react.dev/link/react-devtools font-weight:bold @ http://localhost:9998/_next/static/chunks/node_modules_next_dist_115brz8._.js:2431
[  140060ms] [LOG] [HMR] connected @ http://localhost:9998/_next/static/chunks/node_modules_next_dist_115brz8._.js:2431
[  140300ms] ReferenceError: ElementEditor is not defined
    at Prism (http://localhost:9998/_next/static/chunks/_03kbfys._.js:6119:220)
    at Object.react_stack_bottom_frame (http://localhost:9998/_next/static/chunks/node_modules_next_dist_compiled_react-dom_058-ah~._.js:15037:24)
    at renderWithHooks (http://localhost:9998/_next/static/chunks/node_modules_next_dist_compiled_react-dom_058-ah~._.js:4620:24)
    at updateFunctionComponent (http://localhost:9998/_next/static/chunks/node_modules_next_dist_compiled_react-dom_058-ah~._.js:6081:21)
    at beginWork (http://localhost:9998/_next/static/chunks/node_modules_next_dist_compiled_react-dom_058-ah~._.js:6665:639)
    at runWithFiberInDEV (http://localhost:9998/_next/static/chunks/node_modules_next_dist_compiled_react-dom_058-ah~._.js:965:74)
    at performUnitOfWork (http://localhost:9998/_next/static/chunks/node_modules_next_dist_compiled_react-dom_058-ah~._.js:9555:97)
    at workLoopSync (http://localhost:9998/_next/static/chunks/node_modules_next_dist_compiled_react-dom_058-ah~._.js:9449:40)
    at renderRootSync (http://localhost:9998/_next/static/chunks/node_modules_next_dist_compiled_react-dom_058-ah~._.js:9433:13)
    at performWorkOnRoot (http://localhost:9998/_next/static/chunks/node_modules_next_dist_compiled_react-dom_058-ah~._.js:9098:47)
    at performWorkOnRootViaSchedulerTask (http://localhost:9998/_next/static/chunks/node_modules_next_dist_compiled_react-dom_058-ah~._.js:10255:9)
    at MessagePort.performWorkUntilDeadline (http://localhost:9998/_next/static/chunks/node_modules_next_dist_compiled_0rpq4pf._.js:2647:64)
[  140401ms] [LOG] [Fast Refresh] rebuilding @ http://localhost:9998/_next/static/chunks/node_modules_next_dist_115brz8._.js:2431
[  140524ms] [LOG] [Fast Refresh] done in 226ms @ http://localhost:9998/_next/static/chunks/node_modules_next_dist_115brz8._.js:2431
[  143214ms] [LOG] [Fast Refresh] rebuilding @ http://localhost:9998/_next/static/chunks/node_modules_next_dist_115brz8._.js:2431
[  143225ms] [WARNING] [Fast Refresh] performing full reload because your application had an unrecoverable error @ http://localhost:9998/_next/static/chunks/node_modules_next_dist_115brz8._.js:2431
[  143259ms] [LOG] [Fast Refresh] done in 61ms @ http://localhost:9998/_next/static/chunks/node_modules_next_dist_115brz8._.js:2431
[  143549ms] [ERROR] Failed to load resource: the server responded with a status of 500 (Internal Server Error) @ http://localhost:9998/s/0bf537cf-4dc3-41bd-b9f4-702764cab64c:0
[  143600ms] [INFO] %cDownload the React DevTools for a better development experience: https://react.dev/link/react-devtools font-weight:bold @ http://localhost:9998/_next/static/chunks/node_modules_next_dist_115brz8._.js:2431
[  143678ms] [LOG] [HMR] connected @ http://localhost:9998/_next/static/chunks/node_modules_next_dist_115brz8._.js:2431
[  143819ms] ReferenceError: ElementEditor is not defined
    at Prism (http://localhost:9998/_next/static/chunks/_03kbfys._.js:6118:220)
    at Object.react_stack_bottom_frame (http://localhost:9998/_next/static/chunks/node_modules_next_dist_compiled_react-dom_058-ah~._.js:15037:24)
    at renderWithHooks (http://localhost:9998/_next/static/chunks/node_modules_next_dist_compiled_react-dom_058-ah~._.js:4620:24)
    at updateFunctionComponent (http://localhost:9998/_next/static/chunks/node_modules_next_dist_compiled_react-dom_058-ah~._.js:6081:21)
    at beginWork (http://localhost:9998/_next/static/chunks/node_modules_next_dist_compiled_react-dom_058-ah~._.js:6665:639)
    at runWithFiberInDEV (http://localhost:9998/_next/static/chunks/node_modules_next_dist_compiled_react-dom_058-ah~._.js:965:74)
    at performUnitOfWork (http://localhost:9998/_next/static/chunks/node_modules_next_dist_compiled_react-dom_058-ah~._.js:9555:97)
    at workLoopSync (http://localhost:9998/_next/static/chunks/node_modules_next_dist_compiled_react-dom_058-ah~._.js:9449:40)
    at renderRootSync (http://localhost:9998/_next/static/chunks/node_modules_next_dist_compiled_react-dom_058-ah~._.js:9433:13)
    at performWorkOnRoot (http://localhost:9998/_next/static/chunks/node_modules_next_dist_compiled_react-dom_058-ah~._.js:9098:47)
    at performWorkOnRootViaSchedulerTask (http://localhost:9998/_next/static/chunks/node_modules_next_dist_compiled_react-dom_058-ah~._.js:10255:9)
    at MessagePort.performWorkUntilDeadline (http://localhost:9998/_next/static/chunks/node_modules_next_dist_compiled_0rpq4pf._.js:2647:64)
[  155843ms] [LOG] [Fast Refresh] rebuilding @ http://localhost:9998/_next/static/chunks/node_modules_next_dist_115brz8._.js:2431
[  155847ms] [WARNING] [Fast Refresh] performing full reload because your application had an unrecoverable error @ http://localhost:9998/_next/static/chunks/node_modules_next_dist_115brz8._.js:2431
[  155875ms] [LOG] [Fast Refresh] done in 29ms @ http://localhost:9998/_next/static/chunks/node_modules_next_dist_115brz8._.js:2431
[  156226ms] [ERROR] Failed to load resource: the server responded with a status of 500 (Internal Server Error) @ http://localhost:9998/s/0bf537cf-4dc3-41bd-b9f4-702764cab64c:0
[  156363ms] [INFO] %cDownload the React DevTools for a better development experience: https://react.dev/link/react-devtools font-weight:bold @ http://localhost:9998/_next/static/chunks/node_modules_next_dist_115brz8._.js:2431
[  156408ms] [LOG] [HMR] connected @ http://localhost:9998/_next/static/chunks/node_modules_next_dist_115brz8._.js:2431
[  156609ms] ReferenceError: ElementEditor is not defined
    at Prism (http://localhost:9998/_next/static/chunks/_03kbfys._.js:6085:220)
    at Object.react_stack_bottom_frame (http://localhost:9998/_next/static/chunks/node_modules_next_dist_compiled_react-dom_058-ah~._.js:15037:24)
    at renderWithHooks (http://localhost:9998/_next/static/chunks/node_modules_next_dist_compiled_react-dom_058-ah~._.js:4620:24)
    at updateFunctionComponent (http://localhost:9998/_next/static/chunks/node_modules_next_dist_compiled_react-dom_058-ah~._.js:6081:21)
    at beginWork (http://localhost:9998/_next/static/chunks/node_modules_next_dist_compiled_react-dom_058-ah~._.js:6665:639)
    at runWithFiberInDEV (http://localhost:9998/_next/static/chunks/node_modules_next_dist_compiled_react-dom_058-ah~._.js:965:74)
    at performUnitOfWork (http://localhost:9998/_next/static/chunks/node_modules_next_dist_compiled_react-dom_058-ah~._.js:9555:97)
    at workLoopSync (http://localhost:9998/_next/static/chunks/node_modules_next_dist_compiled_react-dom_058-ah~._.js:9449:40)
    at renderRootSync (http://localhost:9998/_next/static/chunks/node_modules_next_dist_compiled_react-dom_058-ah~._.js:9433:13)
    at performWorkOnRoot (http://localhost:9998/_next/static/chunks/node_modules_next_dist_compiled_react-dom_058-ah~._.js:9098:47)
    at performWorkOnRootViaSchedulerTask (http://localhost:9998/_next/static/chunks/node_modules_next_dist_compiled_react-dom_058-ah~._.js:10255:9)
    at MessagePort.performWorkUntilDeadline (http://localhost:9998/_next/static/chunks/node_modules_next_dist_compiled_0rpq4pf._.js:2647:64)
[  172160ms] [LOG] [Fast Refresh] rebuilding @ http://localhost:9998/_next/static/chunks/node_modules_next_dist_115brz8._.js:2431
[  172164ms] [WARNING] [Fast Refresh] performing full reload because your application had an unrecoverable error @ http://localhost:9998/_next/static/chunks/node_modules_next_dist_115brz8._.js:2431
[  172190ms] [LOG] [Fast Refresh] done in 39ms @ http://localhost:9998/_next/static/chunks/node_modules_next_dist_115brz8._.js:2431
[  172418ms] [ERROR] Failed to load resource: the server responded with a status of 500 (Internal Server Error) @ http://localhost:9998/s/0bf537cf-4dc3-41bd-b9f4-702764cab64c:0
[  172548ms] [INFO] %cDownload the React DevTools for a better development experience: https://react.dev/link/react-devtools font-weight:bold @ http://localhost:9998/_next/static/chunks/node_modules_next_dist_115brz8._.js:2431
[  172567ms] [LOG] [HMR] connected @ http://localhost:9998/_next/static/chunks/node_modules_next_dist_115brz8._.js:2431
[  172818ms] ReferenceError: ElementEditor is not defined
    at Prism (http://localhost:9998/_next/static/chunks/_03kbfys._.js:6066:220)
    at Object.react_stack_bottom_frame (http://localhost:9998/_next/static/chunks/node_modules_next_dist_compiled_react-dom_058-ah~._.js:15037:24)
    at renderWithHooks (http://localhost:9998/_next/static/chunks/node_modules_next_dist_compiled_react-dom_058-ah~._.js:4620:24)
    at updateFunctionComponent (http://localhost:9998/_next/static/chunks/node_modules_next_dist_compiled_react-dom_058-ah~._.js:6081:21)
    at beginWork (http://localhost:9998/_next/static/chunks/node_modules_next_dist_compiled_react-dom_058-ah~._.js:6665:639)
    at runWithFiberInDEV (http://localhost:9998/_next/static/chunks/node_modules_next_dist_compiled_react-dom_058-ah~._.js:965:74)
    at performUnitOfWork (http://localhost:9998/_next/static/chunks/node_modules_next_dist_compiled_react-dom_058-ah~._.js:9555:97)
    at workLoopSync (http://localhost:9998/_next/static/chunks/node_modules_next_dist_compiled_react-dom_058-ah~._.js:9449:40)
    at renderRootSync (http://localhost:9998/_next/static/chunks/node_modules_next_dist_compiled_react-dom_058-ah~._.js:9433:13)
    at performWorkOnRoot (http://localhost:9998/_next/static/chunks/node_modules_next_dist_compiled_react-dom_058-ah~._.js:9098:47)
    at performWorkOnRootViaSchedulerTask (http://localhost:9998/_next/static/chunks/node_modules_next_dist_compiled_react-dom_058-ah~._.js:10255:9)
    at MessagePort.performWorkUntilDeadline (http://localhost:9998/_next/static/chunks/node_modules_next_dist_compiled_0rpq4pf._.js:2647:64)
[  184053ms] [LOG] [Fast Refresh] rebuilding @ http://localhost:9998/_next/static/chunks/node_modules_next_dist_115brz8._.js:2431
[  184057ms] [WARNING] [Fast Refresh] performing full reload because your application had an unrecoverable error @ http://localhost:9998/_next/static/chunks/node_modules_next_dist_115brz8._.js:2431
[  184075ms] [LOG] [Fast Refresh] done in 32ms @ http://localhost:9998/_next/static/chunks/node_modules_next_dist_115brz8._.js:2431
[  184259ms] [ERROR] Failed to load resource: the server responded with a status of 500 (Internal Server Error) @ http://localhost:9998/s/0bf537cf-4dc3-41bd-b9f4-702764cab64c:0
[  184365ms] [INFO] %cDownload the React DevTools for a better development experience: https://react.dev/link/react-devtools font-weight:bold @ http://localhost:9998/_next/static/chunks/node_modules_next_dist_115brz8._.js:2431
[  184395ms] [LOG] [HMR] connected @ http://localhost:9998/_next/static/chunks/node_modules_next_dist_115brz8._.js:2431
[  184803ms] ReferenceError: ElementEditor is not defined
    at Prism (http://localhost:9998/_next/static/chunks/_03kbfys._.js:6066:220)
    at Object.react_stack_bottom_frame (http://localhost:9998/_next/static/chunks/node_modules_next_dist_compiled_react-dom_058-ah~._.js:15037:24)
    at renderWithHooks (http://localhost:9998/_next/static/chunks/node_modules_next_dist_compiled_react-dom_058-ah~._.js:4620:24)
    at updateFunctionComponent (http://localhost:9998/_next/static/chunks/node_modules_next_dist_compiled_react-dom_058-ah~._.js:6081:21)
    at beginWork (http://localhost:9998/_next/static/chunks/node_modules_next_dist_compiled_react-dom_058-ah~._.js:6665:639)
    at runWithFiberInDEV (http://localhost:9998/_next/static/chunks/node_modules_next_dist_compiled_react-dom_058-ah~._.js:965:74)
    at performUnitOfWork (http://localhost:9998/_next/static/chunks/node_modules_next_dist_compiled_react-dom_058-ah~._.js:9555:97)
    at workLoopSync (http://localhost:9998/_next/static/chunks/node_modules_next_dist_compiled_react-dom_058-ah~._.js:9449:40)
    at renderRootSync (http://localhost:9998/_next/static/chunks/node_modules_next_dist_compiled_react-dom_058-ah~._.js:9433:13)
    at performWorkOnRoot (http://localhost:9998/_next/static/chunks/node_modules_next_dist_compiled_react-dom_058-ah~._.js:9098:47)
    at performWorkOnRootViaSchedulerTask (http://localhost:9998/_next/static/chunks/node_modules_next_dist_compiled_react-dom_058-ah~._.js:10255:9)
    at MessagePort.performWorkUntilDeadline (http://localhost:9998/_next/static/chunks/node_modules_next_dist_compiled_0rpq4pf._.js:2647:64)
[  184643ms] [LOG] [Fast Refresh] rebuilding @ http://localhost:9998/_next/static/chunks/node_modules_next_dist_115brz8._.js:2431
[  184814ms] [LOG] [Fast Refresh] done in 272ms @ http://localhost:9998/_next/static/chunks/node_modules_next_dist_115brz8._.js:2431
[  200030ms] [LOG] [Fast Refresh] rebuilding @ http://localhost:9998/_next/static/chunks/node_modules_next_dist_115brz8._.js:2431
[  200034ms] [WARNING] [Fast Refresh] performing full reload because your application had an unrecoverable error @ http://localhost:9998/_next/static/chunks/node_modules_next_dist_115brz8._.js:2431
[  200063ms] [LOG] [Fast Refresh] done in 42ms @ http://localhost:9998/_next/static/chunks/node_modules_next_dist_115brz8._.js:2431
[  200244ms] [ERROR] Failed to load resource: the server responded with a status of 500 (Internal Server Error) @ http://localhost:9998/s/0bf537cf-4dc3-41bd-b9f4-702764cab64c:0
[  200281ms] [INFO] %cDownload the React DevTools for a better development experience: https://react.dev/link/react-devtools font-weight:bold @ http://localhost:9998/_next/static/chunks/node_modules_next_dist_115brz8._.js:2431
[  200353ms] [LOG] [HMR] connected @ http://localhost:9998/_next/static/chunks/node_modules_next_dist_115brz8._.js:2431
[  200540ms] ReferenceError: ElementEditor is not defined
    at Prism (http://localhost:9998/_next/static/chunks/_03kbfys._.js:6041:220)
    at Object.react_stack_bottom_frame (http://localhost:9998/_next/static/chunks/node_modules_next_dist_compiled_react-dom_058-ah~._.js:15037:24)
    at renderWithHooks (http://localhost:9998/_next/static/chunks/node_modules_next_dist_compiled_react-dom_058-ah~._.js:4620:24)
    at updateFunctionComponent (http://localhost:9998/_next/static/chunks/node_modules_next_dist_compiled_react-dom_058-ah~._.js:6081:21)
    at beginWork (http://localhost:9998/_next/static/chunks/node_modules_next_dist_compiled_react-dom_058-ah~._.js:6665:639)
    at runWithFiberInDEV (http://localhost:9998/_next/static/chunks/node_modules_next_dist_compiled_react-dom_058-ah~._.js:965:74)
    at performUnitOfWork (http://localhost:9998/_next/static/chunks/node_modules_next_dist_compiled_react-dom_058-ah~._.js:9555:97)
    at workLoopSync (http://localhost:9998/_next/static/chunks/node_modules_next_dist_compiled_react-dom_058-ah~._.js:9449:40)
    at renderRootSync (http://localhost:9998/_next/static/chunks/node_modules_next_dist_compiled_react-dom_058-ah~._.js:9433:13)
    at performWorkOnRoot (http://localhost:9998/_next/static/chunks/node_modules_next_dist_compiled_react-dom_058-ah~._.js:9098:47)
    at performWorkOnRootViaSchedulerTask (http://localhost:9998/_next/static/chunks/node_modules_next_dist_compiled_react-dom_058-ah~._.js:10255:9)
    at MessagePort.performWorkUntilDeadline (http://localhost:9998/_next/static/chunks/node_modules_next_dist_compiled_0rpq4pf._.js:2647:64)
[  218360ms] [LOG] [Fast Refresh] rebuilding @ http://localhost:9998/_next/static/chunks/node_modules_next_dist_115brz8._.js:2431
[  218364ms] [WARNING] [Fast Refresh] performing full reload because your application had an unrecoverable error @ http://localhost:9998/_next/static/chunks/node_modules_next_dist_115brz8._.js:2431
[  218390ms] [LOG] [Fast Refresh] done in 33ms @ http://localhost:9998/_next/static/chunks/node_modules_next_dist_115brz8._.js:2431
[  218810ms] [INFO] %cDownload the React DevTools for a better development experience: https://react.dev/link/react-devtools font-weight:bold @ http://localhost:9998/_next/static/chunks/node_modules_next_dist_115brz8._.js:2431
[  218875ms] [LOG] [HMR] connected @ http://localhost:9998/_next/static/chunks/node_modules_next_dist_115brz8._.js:2431
[  219615ms] [LOG] [Fast Refresh] rebuilding @ http://localhost:9998/_next/static/chunks/node_modules_next_dist_115brz8._.js:2431
[  219624ms] [LOG] [Fast Refresh] done in 111ms @ http://localhost:9998/_next/static/chunks/node_modules_next_dist_115brz8._.js:2431
